Windows PowerShell
Copyright (C) Microsoft Corporation. All rights reserved.

Install the latest PowerShell for new features and improvements! https://aka.ms/PSWindows

PS C:\Users\USER> ssh -i .\Lisakey.pem 35.182.25.2 -l ubuntu
Welcome to Ubuntu 22.04.3 LTS (GNU/Linux 6.2.0-1012-aws x86_64)

 * Documentation:  https://help.ubuntu.com
 * Management:     https://landscape.canonical.com
 * Support:        https://ubuntu.com/advantage

  System information as of Tue Nov  7 21:48:48 UTC 2023

  System load:  0.080078125       Processes:             98
  Usage of /:   20.7% of 7.57GB   Users logged in:       0
Welcome to Ubuntu 22.04.3 LTS (GNU/Linux 6.2.0-1012-aws x86_64)

 * Documentation:  https://help.ubuntu.com
 * Management:     https://landscape.canonical.com
 * Support:        https://ubuntu.com/advantage

  System information as of Tue Nov  7 21:48:48 UTC 2023

  System load:  0.080078125       Processes:             98
  Usage of /:   20.7% of 7.57GB   Users logged in:       0
  Memory usage: 22%               IPv4 address for eth0: 172.31.15.151
  Swap usage:   0%


Expanded Security Maintenance for Applications is not enabled.

0 updates can be applied immediately.

Enable ESM Apps to receive additional future security updates.
See https://ubuntu.com/esm or run: sudo pro status


The list of available updates is more than a week old.
To check for new updates run: sudo apt update

Last login: Tue Nov  7 21:42:46 2023 from 41.217.6.151
ubuntu@ip-172-31-15-151:~$ sudo su -
root@ip-172-31-15-151:~# apt update
Hit:1 http://ca-central-1.ec2.archive.ubuntu.com/ubuntu jammy InRelease
Get:2 http://ca-central-1.ec2.archive.ubuntu.com/ubuntu jammy-updates InRelease [119 kB]
Get:3 http://ca-central-1.ec2.archive.ubuntu.com/ubuntu jammy-backports InRelease [109 kB]
Get:4 http://security.ubuntu.com/ubuntu jammy-security InRelease [110 kB]
Get:5 http://ca-central-1.ec2.archive.ubuntu.com/ubuntu jammy/universe amd64 Packages [14.1 MB]
Get:6 http://ca-central-1.ec2.archive.ubuntu.com/ubuntu jammy/universe Translation-en [5652 kB]
Get:7 http://ca-central-1.ec2.archive.ubuntu.com/ubuntu jammy/universe amd64 c-n-f Metadata [286 kB]
Get:8 http://ca-central-1.ec2.archive.ubuntu.com/ubuntu jammy/multiverse amd64 Packages [217 kB]
Get:9 http://ca-central-1.ec2.archive.ubuntu.com/ubuntu jammy/multiverse Translation-en [112 kB]
Get:10 http://ca-central-1.ec2.archive.ubuntu.com/ubuntu jammy/multiverse amd64 c-n-f Metadata [8372 B]
Get:11 http://ca-central-1.ec2.archive.ubuntu.com/ubuntu jammy-updates/main amd64 Packages [1153 kB]
Get:12 http://ca-central-1.ec2.archive.ubuntu.com/ubuntu jammy-updates/main Translation-en [246 kB]
Get:13 http://ca-central-1.ec2.archive.ubuntu.com/ubuntu jammy-updates/main amd64 c-n-f Metadata [16.1 kB]
Get:14 http://ca-central-1.ec2.archive.ubuntu.com/ubuntu jammy-updates/restricted amd64 Packages [1105 kB]
Get:15 http://ca-central-1.ec2.archive.ubuntu.com/ubuntu jammy-updates/restricted Translation-en [179 kB]
Get:16 http://ca-central-1.ec2.archive.ubuntu.com/ubuntu jammy-updates/restricted amd64 c-n-f Metadata [520 B]
Get:17 http://ca-central-1.ec2.archive.ubuntu.com/ubuntu jammy-updates/universe amd64 Packages [995 kB]
Get:18 http://ca-central-1.ec2.archive.ubuntu.com/ubuntu jammy-updates/universe Translation-en [218 kB]
Get:19 http://ca-central-1.ec2.archive.ubuntu.com/ubuntu jammy-updates/universe amd64 c-n-f Metadata [22.1 kB]
Get:20 http://ca-central-1.ec2.archive.ubuntu.com/ubuntu jammy-updates/multiverse amd64 Packages [41.6 kB]
Get:21 http://ca-central-1.ec2.archive.ubuntu.com/ubuntu jammy-updates/multiverse Translation-en [9768 B]
Get:22 http://ca-central-1.ec2.archive.ubuntu.com/ubuntu jammy-updates/multiverse amd64 c-n-f Metadata [472 B]
Get:23 http://ca-central-1.ec2.archive.ubuntu.com/ubuntu jammy-backports/main amd64 Packages [64.2 kB]
Get:24 http://ca-central-1.ec2.archive.ubuntu.com/ubuntu jammy-backports/main Translation-en [10.5 kB]
Get:25 http://ca-central-1.ec2.archive.ubuntu.com/ubuntu jammy-backports/main amd64 c-n-f Metadata [388 B]
Get:26 http://ca-central-1.ec2.archive.ubuntu.com/ubuntu jammy-backports/restricted amd64 c-n-f Metadata [116 B]
Get:27 http://ca-central-1.ec2.archive.ubuntu.com/ubuntu jammy-backports/universe amd64 Packages [27.8 kB]
Get:28 http://ca-central-1.ec2.archive.ubuntu.com/ubuntu jammy-backports/universe Translation-en [16.4 kB]
Get:29 http://ca-central-1.ec2.archive.ubuntu.com/ubuntu jammy-backports/universe amd64 c-n-f Metadata [644 B]
Get:30 http://ca-central-1.ec2.archive.ubuntu.com/ubuntu jammy-backports/multiverse amd64 c-n-f Metadata [116 B]
Get:31 http://security.ubuntu.com/ubuntu jammy-security/main amd64 Packages [945 kB]
Get:32 http://security.ubuntu.com/ubuntu jammy-security/main Translation-en [187 kB]
Get:33 http://security.ubuntu.com/ubuntu jammy-security/main amd64 c-n-f Metadata [11.4 kB]
Get:34 http://security.ubuntu.com/ubuntu jammy-security/restricted amd64 Packages [1085 kB]
Get:35 http://security.ubuntu.com/ubuntu jammy-security/restricted Translation-en [176 kB]
Get:36 http://security.ubuntu.com/ubuntu jammy-security/restricted amd64 c-n-f Metadata [520 B]
Get:37 http://security.ubuntu.com/ubuntu jammy-security/universe amd64 Packages [793 kB]
Get:38 http://security.ubuntu.com/ubuntu jammy-security/universe Translation-en [146 kB]
Get:39 http://security.ubuntu.com/ubuntu jammy-security/universe amd64 c-n-f Metadata [16.8 kB]
Get:40 http://security.ubuntu.com/ubuntu jammy-security/multiverse amd64 Packages [36.5 kB]
Get:41 http://security.ubuntu.com/ubuntu jammy-security/multiverse Translation-en [7060 B]
Get:42 http://security.ubuntu.com/ubuntu jammy-security/multiverse amd64 c-n-f Metadata [260 B]
Fetched 28.2 MB in 5s (5476 kB/s)
Reading package lists... Done
Building dependency tree... Done
Reading state information... Done
49 packages can be upgraded. Run 'apt list --upgradable' to see them.
root@ip-172-31-15-151:~# apt install docker.io
Reading package lists... Done
Building dependency tree... Done
Reading state information... Done
The following additional packages will be installed:
  bridge-utils containerd dns-root-data dnsmasq-base pigz runc ubuntu-fan
Suggested packages:
  ifupdown aufs-tools cgroupfs-mount | cgroup-lite debootstrap docker-doc rinse zfs-fuse | zfsutils
The following NEW packages will be installed:
  bridge-utils containerd dns-root-data dnsmasq-base docker.io pigz runc ubuntu-fan
0 upgraded, 8 newly installed, 0 to remove and 49 not upgraded.
Need to get 69.7 MB of archives.
After this operation, 267 MB of additional disk space will be used.
Do you want to continue? [Y/n] Y
Get:1 http://ca-central-1.ec2.archive.ubuntu.com/ubuntu jammy/universe amd64 pigz amd64 2.6-1 [63.6 kB]
root@ip-172-31-15-151:~#
Get:3 http://ca-central-1.ec2.archive.ubuntu.com/ubuntu jammy-updates/main amd64 runc amd64 1.1.7-0ubuntu1~22.04.1 [4249 kB]
Get:4 http://ca-central-1.ec2.archive.ubuntu.com/ubuntu jammy-updates/main amd64 containerd amd64 1.7.2-0ubuntu1~22.04.1 [36.0 MB]
Get:5 http://ca-central-1.ec2.archive.ubuntu.com/ubuntu jammy/main amd64 dns-root-data all 2021011101 [5256 B]
Get:6 http://ca-central-1.ec2.archive.ubuntu.com/ubuntu jammy-updates/main amd64 dnsmasq-base amd64 2.86-1.1ubuntu0.3 [354 kB]
Get:7 http://ca-central-1.ec2.archive.ubuntu.com/ubuntu jammy-updates/universe amd64 docker.io amd64 24.0.5-0ubuntu1~22.04.1 [28.9 MB]
Get:8 http://ca-central-1.ec2.archive.ubuntu.com/ubuntu jammy/universe amd64 ubuntu-fan all 0.12.16 [35.2 kB]
Fetched 69.7 MB in 1s (49.4 MB/s)
Preconfiguring packages ...
Selecting previously unselected package pigz.
(Reading database ... 64726 files and directories currently installed.)
Preparing to unpack .../0-pigz_2.6-1_amd64.deb ...
Unpacking pigz (2.6-1) ...
Selecting previously unselected package bridge-utils.
Preparing to unpack .../1-bridge-utils_1.7-1ubuntu3_amd64.deb ...
Unpacking bridge-utils (1.7-1ubuntu3) ...
Selecting previously unselected package runc.
Preparing to unpack .../2-runc_1.1.7-0ubuntu1~22.04.1_amd64.deb ...
Unpacking runc (1.1.7-0ubuntu1~22.04.1) ...
Selecting previously unselected package containerd.
Preparing to unpack .../3-containerd_1.7.2-0ubuntu1~22.04.1_amd64.deb ...
Unpacking containerd (1.7.2-0ubuntu1~22.04.1) ...
Selecting previously unselected package dns-root-data.
Preparing to unpack .../4-dns-root-data_2021011101_all.deb ...
Unpacking dns-root-data (2021011101) ...
Selecting previously unselected package dnsmasq-base.
Preparing to unpack .../5-dnsmasq-base_2.86-1.1ubuntu0.3_amd64.deb ...
Unpacking dnsmasq-base (2.86-1.1ubuntu0.3) ...
Selecting previously unselected package docker.io.
Preparing to unpack .../6-docker.io_24.0.5-0ubuntu1~22.04.1_amd64.deb ...
Unpacking docker.io (24.0.5-0ubuntu1~22.04.1) ...
Selecting previously unselected package ubuntu-fan.
Preparing to unpack .../7-ubuntu-fan_0.12.16_all.deb ...
Unpacking ubuntu-fan (0.12.16) ...
Setting up dnsmasq-base (2.86-1.1ubuntu0.3) ...
Setting up runc (1.1.7-0ubuntu1~22.04.1) ...
Setting up dns-root-data (2021011101) ...
Setting up bridge-utils (1.7-1ubuntu3) ...
Setting up pigz (2.6-1) ...
Setting up containerd (1.7.2-0ubuntu1~22.04.1) ...
Created symlink /etc/systemd/system/multi-user.target.wants/containerd.service → /lib/systemd/system/containerd.service.
Setting up ubuntu-fan (0.12.16) ...
Created symlink /etc/systemd/system/multi-user.target.wants/ubuntu-fan.service → /lib/systemd/system/ubuntu-fan.service.
Setting up docker.io (24.0.5-0ubuntu1~22.04.1) ...
Adding group `docker' (GID 122) ...
Done.
Created symlink /etc/systemd/system/multi-user.target.wants/docker.service → /lib/systemd/system/docker.service.
Created symlink /etc/systemd/system/sockets.target.wants/docker.socket → /lib/systemd/system/docker.socket.
Processing triggers for dbus (1.12.20-2ubuntu4.1) ...
Processing triggers for man-db (2.10.2-1) ...
Scanning processes...
Scanning linux images...

Running kernel seems to be up-to-date.

No services need to be restarted.

No containers need to be restarted.

No user sessions are running outdated binaries.

No VM guests are running outdated hypervisor (qemu) binaries on this host.
root@ip-172-31-15-151:~# docker

Usage:  docker [OPTIONS] COMMAND

A self-sufficient runtime for containers

Common Commands:
  run         Create and run a new container from an image
  exec        Execute a command in a running container
  ps          List containers
  build       Build an image from a Dockerfile
  pull        Download an image from a registry
  push        Upload an image to a registry
  images      List images
  login       Log in to a registry
  logout      Log out from a registry
  search      Search Docker Hub for images
  version     Show the Docker version information
  info        Display system-wide information

Management Commands:
  builder     Manage builds
  container   Manage containers
  context     Manage contexts
  image       Manage images
  manifest    Manage Docker image manifests and manifest lists
  network     Manage networks
  plugin      Manage plugins
  system      Manage Docker
  trust       Manage trust on Docker images
  volume      Manage volumes

Swarm Commands:
  swarm       Manage Swarm

Commands:
  attach      Attach local standard input, output, and error streams to a running container
  commit      Create a new image from a container's changes
  cp          Copy files/folders between a container and the local filesystem
  create      Create a new container
  diff        Inspect changes to files or directories on a container's filesystem
  events      Get real time events from the server
  export      Export a container's filesystem as a tar archive
  history     Show the history of an image
  import      Import the contents from a tarball to create a filesystem image
  inspect     Return low-level information on Docker objects
  kill        Kill one or more running containers
  load        Load an image from a tar archive or STDIN
  logs        Fetch the logs of a container
  pause       Pause all processes within one or more containers
  port        List port mappings or a specific mapping for the container
  rename      Rename a container
  restart     Restart one or more containers
  rm          Remove one or more containers
  rmi         Remove one or more images
  save        Save one or more images to a tar archive (streamed to STDOUT by default)
  start       Start one or more stopped containers
  stats       Display a live stream of container(s) resource usage statistics
  stop        Stop one or more running containers
  tag         Create a tag TARGET_IMAGE that refers to SOURCE_IMAGE
  top         Display the running processes of a container
  unpause     Unpause all processes within one or more containers
  update      Update configuration of one or more containers
  wait        Block until one or more containers stop, then print their exit codes

Global Options:
      --config string      Location of client config files (default "/root/.docker")
  -c, --context string     Name of the context to use to connect to the daemon (overrides DOCKER_HOST env var and default context set with "docker context use")
  -D, --debug              Enable debug mode
  -H, --host list          Daemon socket to connect to
  -l, --log-level string   Set the logging level ("debug", "info", "warn", "error", "fatal") (default "info")
      --tls                Use TLS; implied by --tlsverify
      --tlscacert string   Trust certs signed only by this CA (default "/root/.docker/ca.pem")
      --tlscert string     Path to TLS certificate file (default "/root/.docker/cert.pem")
      --tlskey string      Path to TLS key file (default "/root/.docker/key.pem")
      --tlsverify          Use TLS and verify the remote
  -v, --version            Print version information and quit

Run 'docker COMMAND --help' for more information on a command.

For more help on how to use Docker, head to https://docs.docker.com/go/guides/
root@ip-172-31-15-151:~# docker pull nginx
Using default tag: latest
latest: Pulling from library/nginx
578acb154839: Pull complete
e398db710407: Pull complete
85c41ebe6d66: Pull complete
7170a263b582: Pull complete
8f28d06e2e2e: Pull complete
6f837de2f887: Pull complete
c1dfc7e1671e: Pull complete
Digest: sha256:86e53c4c16a6a276b204b0fd3a8143d86547c967dc8258b3d47c3a21bb68d3c6
Status: Downloaded newer image for nginx:latest
docker.io/library/nginx:latest
root@ip-172-31-15-151:~# docker image ls
REPOSITORY   TAG       IMAGE ID       CREATED      SIZE
nginx        latest    c20060033e06   6 days ago   187MB
root@ip-172-31-15-151:~# docker run nginx
/docker-entrypoint.sh: /docker-entrypoint.d/ is not empty, will attempt to perform configuration
/docker-entrypoint.sh: Looking for shell scripts in /docker-entrypoint.d/
/docker-entrypoint.sh: Launching /docker-entrypoint.d/10-listen-on-ipv6-by-default.sh
10-listen-on-ipv6-by-default.sh: info: Getting the checksum of /etc/nginx/conf.d/default.conf
10-listen-on-ipv6-by-default.sh: info: Enabled listen on IPv6 in /etc/nginx/conf.d/default.conf
/docker-entrypoint.sh: Sourcing /docker-entrypoint.d/15-local-resolvers.envsh
/docker-entrypoint.sh: Launching /docker-entrypoint.d/20-envsubst-on-templates.sh
/docker-entrypoint.sh: Launching /docker-entrypoint.d/30-tune-worker-processes.sh
/docker-entrypoint.sh: Configuration complete; ready for start up
2023/11/07 21:58:13 [notice] 1#1: using the "epoll" event method
2023/11/07 21:58:13 [notice] 1#1: nginx/1.25.3
2023/11/07 21:58:13 [notice] 1#1: built by gcc 12.2.0 (Debian 12.2.0-14)
2023/11/07 21:58:13 [notice] 1#1: OS: Linux 6.2.0-1012-aws
2023/11/07 21:58:13 [notice] 1#1: getrlimit(RLIMIT_NOFILE): 1048576:1048576
2023/11/07 21:58:13 [notice] 1#1: start worker processes
2023/11/07 21:58:13 [notice] 1#1: start worker process 28
^C2023/11/07 22:02:34 [notice] 1#1: signal 2 (SIGINT) received, exiting
2023/11/07 22:02:34 [notice] 28#28: exiting
2023/11/07 22:02:34 [notice] 28#28: exit
2023/11/07 22:02:34 [notice] 1#1: signal 17 (SIGCHLD) received from 28
2023/11/07 22:02:34 [notice] 1#1: worker process 28 exited with code 0
2023/11/07 22:02:34 [notice] 1#1: exit
root@ip-172-31-15-151:~# docker run -d nginx
9c1699e401880998bc6fd1feb4e33a24e9972cb14b77ec3dd898ed7d381af572
root@ip-172-31-15-151:~# docker container ls
CONTAINER ID   IMAGE     COMMAND                  CREATED              STATUS              PORTS     NAMES
9c1699e40188   nginx     "/docker-entrypoint.…"   About a minute ago   Up About a minute   80/tcp    practical_swirles
root@ip-172-31-15-151:~# docker container ls -a
CONTAINER ID   IMAGE     COMMAND                  CREATED              STATUS                          PORTS     NAMES
9c1699e40188   nginx     "/docker-entrypoint.…"   About a minute ago   Up About a minute               80/tcp    practical_swirles
7a23d54b517a   nginx     "/docker-entrypoint.…"   6 minutes ago        Exited (0) About a minute ago             lucid_meninsky
root@ip-172-31-15-151:~# docker run -d httpd
Unable to find image 'httpd:latest' locally
latest: Pulling from library/httpd
578acb154839: Already exists
c1a8c8567b78: Pull complete
10b9ab03bf45: Pull complete
74dbedf7ddc0: Pull complete
6a3b76b70f73: Pull complete
Digest: sha256:4e24356b4b0aa7a961e7dfb9e1e5025ca3874c532fa5d999f13f8fc33c09d1b7
Status: Downloaded newer image for httpd:latest
9e61b65025c19017c4e0e91300c621da7e5b5635b811d5c7b08b7a99691d002d
root@ip-172-31-15-151:~# docker container ls
CONTAINER ID   IMAGE     COMMAND                  CREATED          STATUS          PORTS     NAMES
9e61b65025c1   httpd     "httpd-foreground"       20 seconds ago   Up 19 seconds   80/tcp    practical_hopper
9c1699e40188   nginx     "/docker-entrypoint.…"   5 minutes ago    Up 5 minutes    80/tcp    practical_swirles
root@ip-172-31-15-151:~# docker run -d --name lisa-eileen-container-01 httpd
fb10425b92ad5af073d12e2d55d2907e81eb307b63a74c7c2fcecbbaba88416d
root@ip-172-31-15-151:~# docker container ls
CONTAINER ID   IMAGE     COMMAND                  CREATED          STATUS          PORTS     NAMES
fb10425b92ad   httpd     "httpd-foreground"       18 seconds ago   Up 16 seconds   80/tcp    lisa-eileen-container-01
9e61b65025c1   httpd     "httpd-foreground"       12 minutes ago   Up 12 minutes   80/tcp    practical_hopper
9c1699e40188   nginx     "/docker-entrypoint.…"   17 minutes ago   Up 17 minutes   80/tcp    practical_swirles
root@ip-172-31-15-151:~# docker container inspect practical_hopper
[
    {
        "Id": "9e61b65025c19017c4e0e91300c621da7e5b5635b811d5c7b08b7a99691d002d",
        "Created": "2023-11-07T22:08:02.248088754Z",
        "Path": "httpd-foreground",
        "Args": [],
        "State": {
            "Status": "running",
            "Running": true,
            "Paused": false,
            "Restarting": false,
            "OOMKilled": false,
            "Dead": false,
            "Pid": 2896,
            "ExitCode": 0,
            "Error": "",
            "StartedAt": "2023-11-07T22:08:02.813322833Z",
            "FinishedAt": "0001-01-01T00:00:00Z"
        },
        "Image": "sha256:7f6a969e81a54d01e2fc08fd45025badf8f2418d3530a3a484b77ab826a1b4a7",
        "ResolvConfPath": "/var/lib/docker/containers/9e61b65025c19017c4e0e91300c621da7e5b5635b811d5c7b08b7a99691d002d/resolv.conf",
        "HostnamePath": "/var/lib/docker/containers/9e61b65025c19017c4e0e91300c621da7e5b5635b811d5c7b08b7a99691d002d/hostname",
        "HostsPath": "/var/lib/docker/containers/9e61b65025c19017c4e0e91300c621da7e5b5635b811d5c7b08b7a99691d002d/hosts",
        "LogPath": "/var/lib/docker/containers/9e61b65025c19017c4e0e91300c621da7e5b5635b811d5c7b08b7a99691d002d/9e61b65025c19017c4e0e91300c621da7e5b5635b811d5c7b08b7a99691d002d-json.log",
        "Name": "/practical_hopper",
        "RestartCount": 0,
        "Driver": "overlay2",
        "Platform": "linux",
        "MountLabel": "",
        "ProcessLabel": "",
        "AppArmorProfile": "docker-default",
        "ExecIDs": null,
        "HostConfig": {
            "Binds": null,
            "ContainerIDFile": "",
            "LogConfig": {
                "Type": "json-file",
                "Config": {}
            },
            "NetworkMode": "default",
            "PortBindings": {},
            "RestartPolicy": {
                "Name": "no",
                "MaximumRetryCount": 0
            },
            "AutoRemove": false,
            "VolumeDriver": "",
            "VolumesFrom": null,
            "ConsoleSize": [
                55,
                237
            ],
            "CapAdd": null,
            "CapDrop": null,
            "CgroupnsMode": "private",
            "Dns": [],
            "DnsOptions": [],
            "DnsSearch": [],
            "ExtraHosts": null,
            "GroupAdd": null,
            "IpcMode": "private",
            "Cgroup": "",
            "Links": null,
            "OomScoreAdj": 0,
            "PidMode": "",
            "Privileged": false,
            "PublishAllPorts": false,
            "ReadonlyRootfs": false,
            "SecurityOpt": null,
            "UTSMode": "",
            "UsernsMode": "",
            "ShmSize": 67108864,
            "Runtime": "runc",
            "Isolation": "",
            "CpuShares": 0,
            "Memory": 0,
            "NanoCpus": 0,
            "CgroupParent": "",
            "BlkioWeight": 0,
            "BlkioWeightDevice": [],
            "BlkioDeviceReadBps": [],
            "BlkioDeviceWriteBps": [],
            "BlkioDeviceReadIOps": [],
            "BlkioDeviceWriteIOps": [],
            "CpuPeriod": 0,
            "CpuQuota": 0,
            "CpuRealtimePeriod": 0,
            "CpuRealtimeRuntime": 0,
            "CpusetCpus": "",
            "CpusetMems": "",
            "Devices": [],
            "DeviceCgroupRules": null,
            "DeviceRequests": null,
            "MemoryReservation": 0,
            "MemorySwap": 0,
            "MemorySwappiness": null,
            "OomKillDisable": null,
            "PidsLimit": null,
            "Ulimits": null,
            "CpuCount": 0,
            "CpuPercent": 0,
            "IOMaximumIOps": 0,
            "IOMaximumBandwidth": 0,
            "MaskedPaths": [
                "/proc/asound",
                "/proc/acpi",
                "/proc/kcore",
                "/proc/keys",
                "/proc/latency_stats",
                "/proc/timer_list",
                "/proc/timer_stats",
                "/proc/sched_debug",
                "/proc/scsi",
                "/sys/firmware"
            ],
            "ReadonlyPaths": [
                "/proc/bus",
                "/proc/fs",
                "/proc/irq",
                "/proc/sys",
                "/proc/sysrq-trigger"
            ]
        },
        "GraphDriver": {
            "Data": {
                "LowerDir": "/var/lib/docker/overlay2/a0376e9a4666e6bfaf273747884a9786722f2414a976bcff934cefabc2f7b23e-init/diff:/var/lib/docker/overlay2/40c1d110bc3600d1a2e3df6ae7348b40a16a9edb1692f2d27daca233aeb76897/diff:/var/lib/docker/overlay2/636862946b38bcc81871faf0da1caf5f0a138e8051903b991648eceb2b6ab126/diff:/var/lib/docker/overlay2/d138fec273b02ff842bf55b27e88bba5c08bf00c813c3506d6da79ac3492e87d/diff:/var/lib/docker/overlay2/3bb7595ae278bed5c409495fd2b28eee6ebc0e8d2fad7735eafbb178c57ecdc4/diff:/var/lib/docker/overlay2/b5e4d2d52796dab320c030c593cbe6b9e2edbe2ce22014230f78a51a0012e7a7/diff",
                "MergedDir": "/var/lib/docker/overlay2/a0376e9a4666e6bfaf273747884a9786722f2414a976bcff934cefabc2f7b23e/merged",
                "UpperDir": "/var/lib/docker/overlay2/a0376e9a4666e6bfaf273747884a9786722f2414a976bcff934cefabc2f7b23e/diff",
                "WorkDir": "/var/lib/docker/overlay2/a0376e9a4666e6bfaf273747884a9786722f2414a976bcff934cefabc2f7b23e/work"
            },
            "Name": "overlay2"
        },
        "Mounts": [],
        "Config": {
            "Hostname": "9e61b65025c1",
            "Domainname": "",
            "User": "",
            "AttachStdin": false,
            "AttachStdout": false,
            "AttachStderr": false,
            "ExposedPorts": {
                "80/tcp": {}
            },
            "Tty": false,
            "OpenStdin": false,
            "StdinOnce": false,
            "Env": [
                "PATH=/usr/local/apache2/bin:/usr/local/sbin:/usr/local/bin:/usr/sbin:/usr/bin:/sbin:/bin",
                "HTTPD_PREFIX=/usr/local/apache2",
                "HTTPD_VERSION=2.4.58",
                "HTTPD_SHA256=fa16d72a078210a54c47dd5bef2f8b9b8a01d94909a51453956b3ec6442ea4c5",
                "HTTPD_PATCHES="
            ],
            "Cmd": [
                "httpd-foreground"
            ],
            "Image": "httpd",
            "Volumes": null,
            "WorkingDir": "/usr/local/apache2",
            "Entrypoint": null,
            "OnBuild": null,
            "Labels": {},
            "StopSignal": "SIGWINCH"
        },
        "NetworkSettings": {
            "Bridge": "",
            "SandboxID": "ce135a4677a5b6aee67585800054c0f2222636a04ad093e98ef3a5016b462c8f",
            "HairpinMode": false,
            "LinkLocalIPv6Address": "",
            "LinkLocalIPv6PrefixLen": 0,
            "Ports": {
                "80/tcp": null
            },
            "SandboxKey": "/var/run/docker/netns/ce135a4677a5",
            "SecondaryIPAddresses": null,
            "SecondaryIPv6Addresses": null,
            "EndpointID": "c15d8c2bf6437daf574f1fa33ba804400e3eefbbd8ff365e8cf7def0f69591ef",
            "Gateway": "172.17.0.1",
            "GlobalIPv6Address": "",
            "GlobalIPv6PrefixLen": 0,
            "IPAddress": "172.17.0.3",
            "IPPrefixLen": 16,
            "IPv6Gateway": "",
            "MacAddress": "02:42:ac:11:00:03",
            "Networks": {
                "bridge": {
                    "IPAMConfig": null,
                    "Links": null,
                    "Aliases": null,
                    "NetworkID": "66980f19bee150234a18cc7909c2703da6eb878f7de4be1e54107b2ef7c2f365",
                    "EndpointID": "c15d8c2bf6437daf574f1fa33ba804400e3eefbbd8ff365e8cf7def0f69591ef",
                    "Gateway": "172.17.0.1",
                    "IPAddress": "172.17.0.3",
                    "IPPrefixLen": 16,
                    "IPv6Gateway": "",
                    "GlobalIPv6Address": "",
                    "GlobalIPv6PrefixLen": 0,
                    "MacAddress": "02:42:ac:11:00:03",
                    "DriverOpts": null
                }
            }
        }
    }
]
root@ip-172-31-15-151:~# docker container run -d tomcat
Unable to find image 'tomcat:latest' locally
latest: Pulling from library/tomcat
43f89b94cd7d: Pull complete
a4452d37e1e4: Pull complete
66bf1e8cc497: Pull complete
39b9b405c53f: Pull complete
74594af5feb5: Pull complete
190e928f9c42: Pull complete
e55c53c8b3ca: Pull complete
64f862abfc3c: Pull complete
Digest: sha256:86ada4acd78ca43972ad9f31e09ef1da00ca181cc0a204e7c31dc566d1e5cd60
Status: Downloaded newer image for tomcat:latest
38be60a9ddeeabfba8b63171564c4a2ab6f24adcf9dabcb210cb5a2d7975bc0c
root@ip-172-31-15-151:~# docker image inspect tomcat:latest
[
    {
        "Id": "sha256:fa51ad4dee227446060be37223b75f4e6a351508d90d1f08bcb7856108c1b59c",
        "RepoTags": [
            "tomcat:latest"
        ],
        "RepoDigests": [
            "tomcat@sha256:86ada4acd78ca43972ad9f31e09ef1da00ca181cc0a204e7c31dc566d1e5cd60"
        ],
        "Parent": "",
        "Comment": "",
        "Created": "2023-10-31T03:36:24.510738971Z",
        "Container": "d009a5bfe52fd6e1326ecd5b7ec2c3506ae576c4edd30f1928ab8909cdc59e13",
        "ContainerConfig": {
            "Hostname": "d009a5bfe52f",
            "Domainname": "",
            "User": "",
            "AttachStdin": false,
            "AttachStdout": false,
            "AttachStderr": false,
            "ExposedPorts": {
                "8080/tcp": {}
            },
            "Tty": false,
            "OpenStdin": false,
            "StdinOnce": false,
            "Env": [
                "PATH=/usr/local/tomcat/bin:/opt/java/openjdk/bin:/usr/local/sbin:/usr/local/bin:/usr/sbin:/usr/bin:/sbin:/bin",
                "JAVA_HOME=/opt/java/openjdk",
                "LANG=en_US.UTF-8",
                "LANGUAGE=en_US:en",
                "LC_ALL=en_US.UTF-8",
                "JAVA_VERSION=jdk-21.0.1+12",
                "CATALINA_HOME=/usr/local/tomcat",
                "TOMCAT_NATIVE_LIBDIR=/usr/local/tomcat/native-jni-lib",
                "LD_LIBRARY_PATH=/usr/local/tomcat/native-jni-lib",
                "GPG_KEYS=5C3C5F3E314C866292F359A8F3AD5C94A67F707E A9C5DF4D22E99998D9875A5110C01C5A2F6059E7",
                "TOMCAT_MAJOR=10",
                "TOMCAT_VERSION=10.1.15",
                "TOMCAT_SHA512=c9491ec96199b9ea49ffa37ff9ce7e257676f4f0e59cfed83c4054ab888dbf7f03d30ed5fad1fa88064ecfe43489ed51f21cd26abbeaf83a4ac4776468838fd6"
            ],
            "Cmd": [
                "/bin/sh",
                "-c",
                "#(nop) ",
                "CMD [\"catalina.sh\" \"run\"]"
            ],
            "Image": "sha256:325222bd9004d5de177174e0f129f44742fa02a2dc6976ea8720f66180937f43",
            "Volumes": null,
            "WorkingDir": "/usr/local/tomcat",
            "Entrypoint": null,
            "OnBuild": null,
            "Labels": {
                "org.opencontainers.image.ref.name": "ubuntu",
                "org.opencontainers.image.version": "22.04"
            }
        },
        "DockerVersion": "20.10.23",
        "Author": "",
        "Config": {
            "Hostname": "",
            "Domainname": "",
            "User": "",
            "AttachStdin": false,
            "AttachStdout": false,
            "AttachStderr": false,
            "ExposedPorts": {
                "8080/tcp": {}
            },
            "Tty": false,
            "OpenStdin": false,
            "StdinOnce": false,
            "Env": [
                "PATH=/usr/local/tomcat/bin:/opt/java/openjdk/bin:/usr/local/sbin:/usr/local/bin:/usr/sbin:/usr/bin:/sbin:/bin",
                "JAVA_HOME=/opt/java/openjdk",
                "LANG=en_US.UTF-8",
                "LANGUAGE=en_US:en",
                "LC_ALL=en_US.UTF-8",
                "JAVA_VERSION=jdk-21.0.1+12",
                "CATALINA_HOME=/usr/local/tomcat",
                "TOMCAT_NATIVE_LIBDIR=/usr/local/tomcat/native-jni-lib",
                "LD_LIBRARY_PATH=/usr/local/tomcat/native-jni-lib",
                "GPG_KEYS=5C3C5F3E314C866292F359A8F3AD5C94A67F707E A9C5DF4D22E99998D9875A5110C01C5A2F6059E7",
                "TOMCAT_MAJOR=10",
                "TOMCAT_VERSION=10.1.15",
                "TOMCAT_SHA512=c9491ec96199b9ea49ffa37ff9ce7e257676f4f0e59cfed83c4054ab888dbf7f03d30ed5fad1fa88064ecfe43489ed51f21cd26abbeaf83a4ac4776468838fd6"
            ],
            "Cmd": [
                "catalina.sh",
                "run"
            ],
            "Image": "sha256:325222bd9004d5de177174e0f129f44742fa02a2dc6976ea8720f66180937f43",
            "Volumes": null,
            "WorkingDir": "/usr/local/tomcat",
            "Entrypoint": null,
            "OnBuild": null,
            "Labels": {
                "org.opencontainers.image.ref.name": "ubuntu",
                "org.opencontainers.image.version": "22.04"
            }
        },
        "Architecture": "amd64",
        "Os": "linux",
        "Size": 460050913,
        "VirtualSize": 460050913,
        "GraphDriver": {
            "Data": {
                "LowerDir": "/var/lib/docker/overlay2/7675bfcd877510574ddde464f46d12e947b7f190c28c84323a5649fe139d7506/diff:/var/lib/docker/overlay2/079cd37269b6484cd722cab46a3a1b13ec7d06c5bc35cc37632c287445816b0b/diff:/var/lib/docker/overlay2/78c541c1c9f50c08d1f5fc099f39a47e7d5baff8d9a5abb4bc6da85a3fe89c6a/diff:/var/lib/docker/overlay2/97d218add2523760ecfdf9750570840be772d03ad2e66fa2beb4bafbca6d4fc7/diff:/var/lib/docker/overlay2/24d3784b11186d61d231a67ad2769194d7a2990ddceb37b9096de31b4731d10b/diff:/var/lib/docker/overlay2/83532e7d2d411b583eda1d06b0fc233c57cbc37d2dbfe76bab42a28e1374c93f/diff:/var/lib/docker/overlay2/6437ee865cf36af82ba7db40aac3670d18c2b0759bb03d5848810d36fc40dc42/diff",
                "MergedDir": "/var/lib/docker/overlay2/2213d99545ff16e1e7ad6b780e7ccf855fc680759306da6aa4b251ae529c2117/merged",
                "UpperDir": "/var/lib/docker/overlay2/2213d99545ff16e1e7ad6b780e7ccf855fc680759306da6aa4b251ae529c2117/diff",
                "WorkDir": "/var/lib/docker/overlay2/2213d99545ff16e1e7ad6b780e7ccf855fc680759306da6aa4b251ae529c2117/work"
            },
            "Name": "overlay2"
        },
        "RootFS": {
            "Type": "layers",
            "Layers": [
                "sha256:256d88da41857db513b95b50ba9a9b28491b58c954e25477d5dad8abb465430b",
                "sha256:e62a9b52de75760495bf88acf7f01641a6f2d30b14e1b537fbfda7a4c02631b3",
                "sha256:ab9d7066f1a6897554f0c7f2675a3329e0607e56980675bdd51fdea1f6e44508",
                "sha256:b868a3e5268ba3197970af153084a7eb193ce9015ec6678eb9e38837035c0b0b",
                "sha256:344e6f1175fe6fe5bfe582af606acd56fe1287eb2c29352e1bb271d9d9389cea",
                "sha256:c151fd1b55b0adeb1b1609f0c6e5afe08a6878b51aba6f715d0dc940fdb1dc3f",
                "sha256:e65d7902809a23cdc5a6a68b5d26904eb270e9cc1259186fe72c12202205fc44",
                "sha256:5d950a630f32b612fdb3cf0150673f0961a16150a3ca38e05c1b00328d1a325e"
            ]
        },
        "Metadata": {
            "LastTagTime": "0001-01-01T00:00:00Z"
        }
    }
]
root@ip-172-31-15-151:~# docker container ls
CONTAINER ID   IMAGE     COMMAND                  CREATED              STATUS              PORTS      NAMES
38be60a9ddee   tomcat    "catalina.sh run"        About a minute ago   Up About a minute   8080/tcp   quizzical_mestorf
fb10425b92ad   httpd     "httpd-foreground"       9 minutes ago        Up 9 minutes        80/tcp     lisa-eileen-container-01
9e61b65025c1   httpd     "httpd-foreground"       21 minutes ago       Up 21 minutes       80/tcp     practical_hopper
9c1699e40188   nginx     "/docker-entrypoint.…"   26 minutes ago       Up 26 minutes       80/tcp     practical_swirles
root@ip-172-31-15-151:~# docker container inspect quizzical_mestorf
[
    {
        "Id": "38be60a9ddeeabfba8b63171564c4a2ab6f24adcf9dabcb210cb5a2d7975bc0c",
        "Created": "2023-11-07T22:28:13.097918803Z",
        "Path": "catalina.sh",
        "Args": [
            "run"
        ],
        "State": {
            "Status": "running",
            "Running": true,
            "Paused": false,
            "Restarting": false,
            "OOMKilled": false,
            "Dead": false,
            "Pid": 3266,
            "ExitCode": 0,
            "Error": "",
            "StartedAt": "2023-11-07T22:28:13.694417932Z",
            "FinishedAt": "0001-01-01T00:00:00Z"
        },
        "Image": "sha256:fa51ad4dee227446060be37223b75f4e6a351508d90d1f08bcb7856108c1b59c",
        "ResolvConfPath": "/var/lib/docker/containers/38be60a9ddeeabfba8b63171564c4a2ab6f24adcf9dabcb210cb5a2d7975bc0c/resolv.conf",
        "HostnamePath": "/var/lib/docker/containers/38be60a9ddeeabfba8b63171564c4a2ab6f24adcf9dabcb210cb5a2d7975bc0c/hostname",
        "HostsPath": "/var/lib/docker/containers/38be60a9ddeeabfba8b63171564c4a2ab6f24adcf9dabcb210cb5a2d7975bc0c/hosts",
        "LogPath": "/var/lib/docker/containers/38be60a9ddeeabfba8b63171564c4a2ab6f24adcf9dabcb210cb5a2d7975bc0c/38be60a9ddeeabfba8b63171564c4a2ab6f24adcf9dabcb210cb5a2d7975bc0c-json.log",
        "Name": "/quizzical_mestorf",
        "RestartCount": 0,
        "Driver": "overlay2",
        "Platform": "linux",
        "MountLabel": "",
        "ProcessLabel": "",
        "AppArmorProfile": "docker-default",
        "ExecIDs": null,
        "HostConfig": {
            "Binds": null,
            "ContainerIDFile": "",
            "LogConfig": {
                "Type": "json-file",
                "Config": {}
            },
            "NetworkMode": "default",
            "PortBindings": {},
            "RestartPolicy": {
                "Name": "no",
                "MaximumRetryCount": 0
            },
            "AutoRemove": false,
            "VolumeDriver": "",
            "VolumesFrom": null,
            "ConsoleSize": [
                55,
                237
            ],
            "CapAdd": null,
            "CapDrop": null,
            "CgroupnsMode": "private",
            "Dns": [],
            "DnsOptions": [],
            "DnsSearch": [],
            "ExtraHosts": null,
            "GroupAdd": null,
            "IpcMode": "private",
            "Cgroup": "",
            "Links": null,
            "OomScoreAdj": 0,
            "PidMode": "",
            "Privileged": false,
            "PublishAllPorts": false,
            "ReadonlyRootfs": false,
            "SecurityOpt": null,
            "UTSMode": "",
            "UsernsMode": "",
            "ShmSize": 67108864,
            "Runtime": "runc",
            "Isolation": "",
            "CpuShares": 0,
            "Memory": 0,
            "NanoCpus": 0,
            "CgroupParent": "",
            "BlkioWeight": 0,
            "BlkioWeightDevice": [],
            "BlkioDeviceReadBps": [],
            "BlkioDeviceWriteBps": [],
            "BlkioDeviceReadIOps": [],
            "BlkioDeviceWriteIOps": [],
            "CpuPeriod": 0,
            "CpuQuota": 0,
            "CpuRealtimePeriod": 0,
            "CpuRealtimeRuntime": 0,
            "CpusetCpus": "",
            "CpusetMems": "",
            "Devices": [],
            "DeviceCgroupRules": null,
            "DeviceRequests": null,
            "MemoryReservation": 0,
            "MemorySwap": 0,
            "MemorySwappiness": null,
            "OomKillDisable": null,
            "PidsLimit": null,
            "Ulimits": null,
            "CpuCount": 0,
            "CpuPercent": 0,
            "IOMaximumIOps": 0,
            "IOMaximumBandwidth": 0,
            "MaskedPaths": [
                "/proc/asound",
                "/proc/acpi",
                "/proc/kcore",
                "/proc/keys",
                "/proc/latency_stats",
                "/proc/timer_list",
                "/proc/timer_stats",
                "/proc/sched_debug",
                "/proc/scsi",
                "/sys/firmware"
            ],
            "ReadonlyPaths": [
                "/proc/bus",
                "/proc/fs",
                "/proc/irq",
                "/proc/sys",
                "/proc/sysrq-trigger"
            ]
        },
        "GraphDriver": {
            "Data": {
                "LowerDir": "/var/lib/docker/overlay2/641d3f37d2600177db994c3d3995f4f38791c5ad0df2b8614574cee5dbbc0f6c-init/diff:/var/lib/docker/overlay2/2213d99545ff16e1e7ad6b780e7ccf855fc680759306da6aa4b251ae529c2117/diff:/var/lib/docker/overlay2/7675bfcd877510574ddde464f46d12e947b7f190c28c84323a5649fe139d7506/diff:/var/lib/docker/overlay2/079cd37269b6484cd722cab46a3a1b13ec7d06c5bc35cc37632c287445816b0b/diff:/var/lib/docker/overlay2/78c541c1c9f50c08d1f5fc099f39a47e7d5baff8d9a5abb4bc6da85a3fe89c6a/diff:/var/lib/docker/overlay2/97d218add2523760ecfdf9750570840be772d03ad2e66fa2beb4bafbca6d4fc7/diff:/var/lib/docker/overlay2/24d3784b11186d61d231a67ad2769194d7a2990ddceb37b9096de31b4731d10b/diff:/var/lib/docker/overlay2/83532e7d2d411b583eda1d06b0fc233c57cbc37d2dbfe76bab42a28e1374c93f/diff:/var/lib/docker/overlay2/6437ee865cf36af82ba7db40aac3670d18c2b0759bb03d5848810d36fc40dc42/diff",
                "MergedDir": "/var/lib/docker/overlay2/641d3f37d2600177db994c3d3995f4f38791c5ad0df2b8614574cee5dbbc0f6c/merged",
                "UpperDir": "/var/lib/docker/overlay2/641d3f37d2600177db994c3d3995f4f38791c5ad0df2b8614574cee5dbbc0f6c/diff",
                "WorkDir": "/var/lib/docker/overlay2/641d3f37d2600177db994c3d3995f4f38791c5ad0df2b8614574cee5dbbc0f6c/work"
            },
            "Name": "overlay2"
        },
        "Mounts": [],
        "Config": {
            "Hostname": "38be60a9ddee",
            "Domainname": "",
            "User": "",
            "AttachStdin": false,
            "AttachStdout": false,
            "AttachStderr": false,
            "ExposedPorts": {
                "8080/tcp": {}
            },
            "Tty": false,
            "OpenStdin": false,
            "StdinOnce": false,
            "Env": [
                "PATH=/usr/local/tomcat/bin:/opt/java/openjdk/bin:/usr/local/sbin:/usr/local/bin:/usr/sbin:/usr/bin:/sbin:/bin",
                "JAVA_HOME=/opt/java/openjdk",
                "LANG=en_US.UTF-8",
                "LANGUAGE=en_US:en",
                "LC_ALL=en_US.UTF-8",
                "JAVA_VERSION=jdk-21.0.1+12",
                "CATALINA_HOME=/usr/local/tomcat",
                "TOMCAT_NATIVE_LIBDIR=/usr/local/tomcat/native-jni-lib",
                "LD_LIBRARY_PATH=/usr/local/tomcat/native-jni-lib",
                "GPG_KEYS=5C3C5F3E314C866292F359A8F3AD5C94A67F707E A9C5DF4D22E99998D9875A5110C01C5A2F6059E7",
                "TOMCAT_MAJOR=10",
                "TOMCAT_VERSION=10.1.15",
                "TOMCAT_SHA512=c9491ec96199b9ea49ffa37ff9ce7e257676f4f0e59cfed83c4054ab888dbf7f03d30ed5fad1fa88064ecfe43489ed51f21cd26abbeaf83a4ac4776468838fd6"
            ],
            "Cmd": [
                "catalina.sh",
                "run"
            ],
            "Image": "tomcat",
            "Volumes": null,
            "WorkingDir": "/usr/local/tomcat",
            "Entrypoint": null,
            "OnBuild": null,
            "Labels": {
                "org.opencontainers.image.ref.name": "ubuntu",
                "org.opencontainers.image.version": "22.04"
            }
        },
        "NetworkSettings": {
            "Bridge": "",
            "SandboxID": "37f385bb608e4575bf3c5c0c9c36aa9d3ee72624b99366ee7a1b6d3c47452ace",
            "HairpinMode": false,
            "LinkLocalIPv6Address": "",
            "LinkLocalIPv6PrefixLen": 0,
            "Ports": {
                "8080/tcp": null
            },
            "SandboxKey": "/var/run/docker/netns/37f385bb608e",
            "SecondaryIPAddresses": null,
            "SecondaryIPv6Addresses": null,
            "EndpointID": "f8a7e9f943d53cee9e9bab892529496a268e789c018b4dc4e58f944eee3b77aa",
            "Gateway": "172.17.0.1",
            "GlobalIPv6Address": "",
            "GlobalIPv6PrefixLen": 0,
            "IPAddress": "172.17.0.5",
            "IPPrefixLen": 16,
            "IPv6Gateway": "",
            "MacAddress": "02:42:ac:11:00:05",
            "Networks": {
                "bridge": {
                    "IPAMConfig": null,
                    "Links": null,
                    "Aliases": null,
                    "NetworkID": "66980f19bee150234a18cc7909c2703da6eb878f7de4be1e54107b2ef7c2f365",
                    "EndpointID": "f8a7e9f943d53cee9e9bab892529496a268e789c018b4dc4e58f944eee3b77aa",
                    "Gateway": "172.17.0.1",
                    "IPAddress": "172.17.0.5",
                    "IPPrefixLen": 16,
                    "IPv6Gateway": "",
                    "GlobalIPv6Address": "",
                    "GlobalIPv6PrefixLen": 0,
                    "MacAddress": "02:42:ac:11:00:05",
                    "DriverOpts": null
                }
            }
        }
    }
]
root@ip-172-31-15-151:~# curl 172.17.0.5:8080
<!doctype html><html lang="en"><head><title>HTTP Status 404 – Not Found</title><style type="text/css">body {font-family:Tahoma,Arial,sans-serif;} h1, h2, h3, b {color:white;background-color:#525D76;} h1 {font-size:22px;} h2 {font-size:16px;} h3 {font-size:14px;} p {font-size:12px;} a {color:black;} .line {height:1px;background-color:#525D76;border:none;}</style></head><body><h1>HTTP Status 404 – Not Found</h1><hr class="line" /><p><b>Type</b> Status Report</p><p><b>Description</b> The origin server did not find a current representation for the target resource or is not willing to disclose that one exists.</p><hr class="line" /><h3>Apache Tomcat/10.1.15</h3></body></html>root@ip-172-31-15-151:~# curl 172.17.0.1:8080
curl: (7) Failed to connect to 172.17.0.1 port 8080 after 0 ms: Connection refused
root@ip-172-31-15-151:~# docker container ls
CONTAINER ID   IMAGE     COMMAND                  CREATED          STATUS          PORTS      NAMES
38be60a9ddee   tomcat    "catalina.sh run"        9 minutes ago    Up 9 minutes    8080/tcp   quizzical_mestorf
fb10425b92ad   httpd     "httpd-foreground"       18 minutes ago   Up 18 minutes   80/tcp     lisa-eileen-container-01
9e61b65025c1   httpd     "httpd-foreground"       29 minutes ago   Up 29 minutes   80/tcp     practical_hopper
9c1699e40188   nginx     "/docker-entrypoint.…"   34 minutes ago   Up 34 minutes   80/tcp     practical_swirles
root@ip-172-31-15-151:~# docker container

Usage:  docker container COMMAND

Manage containers

Commands:
  attach      Attach local standard input, output, and error streams to a running container
  commit      Create a new image from a container's changes
  cp          Copy files/folders between a container and the local filesystem
  create      Create a new container
  diff        Inspect changes to files or directories on a container's filesystem
  exec        Execute a command in a running container
  export      Export a container's filesystem as a tar archive
  inspect     Display detailed information on one or more containers
  kill        Kill one or more running containers
  logs        Fetch the logs of a container
  ls          List containers
  pause       Pause all processes within one or more containers
  port        List port mappings or a specific mapping for the container
  prune       Remove all stopped containers
  rename      Rename a container
  restart     Restart one or more containers
  rm          Remove one or more containers
  run         Create and run a new container from an image
  start       Start one or more stopped containers
  stats       Display a live stream of container(s) resource usage statistics
  stop        Stop one or more running containers
  top         Display the running processes of a container
  unpause     Unpause all processes within one or more containers
  update      Update configuration of one or more containers
  wait        Block until one or more containers stop, then print their exit codes

Run 'docker container COMMAND --help' for more information on a command.
root@ip-172-31-15-151:~# curl 172.17.0.5
curl: (7) Failed to connect to 172.17.0.5 port 80 after 0 ms: Connection refused
root@ip-172-31-15-151:~# docker container run -d -p httpd
"docker container run" requires at least 1 argument.
See 'docker container run --help'.

Usage:  docker container run [OPTIONS] IMAGE [COMMAND] [ARG...]

Create and run a new container from an image
root@ip-172-31-15-151:~# docker container run -d -P httpd
217dc3c42a0a50b009f7863f45d96911f583994a67b95a63b27757acaff13785
root@ip-172-31-15-151:~# docker container ls
CONTAINER ID   IMAGE     COMMAND                  CREATED          STATUS          PORTS                                     NAMES
217dc3c42a0a   httpd     "httpd-foreground"       14 seconds ago   Up 14 seconds   0.0.0.0:32768->80/tcp, :::32768->80/tcp   elated_khayyam
38be60a9ddee   tomcat    "catalina.sh run"        18 minutes ago   Up 18 minutes   8080/tcp                                  quizzical_mestorf
fb10425b92ad   httpd     "httpd-foreground"       26 minutes ago   Up 26 minutes   80/tcp                                    lisa-eileen-container-01
9e61b65025c1   httpd     "httpd-foreground"       38 minutes ago   Up 38 minutes   80/tcp                                    practical_hopper
9c1699e40188   nginx     "/docker-entrypoint.…"   43 minutes ago   Up 43 minutes   80/tcp                                    practical_swirles
root@ip-172-31-15-151:~# git remote add origin https://github.com/Lisaeileen/devops-docker-demo.git